TAP version 13
# Subtest: apply.c doapply reaches the broken-wand no-effect arm
ok 1 - apply.c doapply reaches the broken-wand no-effect arm
  ---
  duration_ms: 2289.896895
  type: 'test'
  ...
# Subtest: apply.c do_break_wand reaches WAN_LIGHT explosion and litroom
ok 2 - apply.c do_break_wand reaches WAN_LIGHT explosion and litroom
  ---
  duration_ms: 521.747372
  type: 'test'
  ...
# Subtest: dig_typ answers what each tool would break
ok 3 - dig_typ answers what each tool would break
  ---
  duration_ms: 99.241542
  type: 'test'
  ...
# Subtest: dig_typ answers undiggable for a square off the map
ok 4 - dig_typ answers undiggable for a square off the map
  ---
  duration_ms: 10.298566
  type: 'test'
  ...
# Subtest: pick_can_reach follows pit, bimanual, and flight rules
ok 5 - pick_can_reach follows pit, bimanual, and flight rules
  ---
  duration_ms: 1.893112
  type: 'test'
  ...
# Subtest: dig_typ prefers reachable statues and boulders before terrain
ok 6 - dig_typ prefers reachable statues and boulders before terrain
  ---
  duration_ms: 6.833544
  type: 'test'
  ...
# Subtest: fillholetyp preserves liquid counts, weighting and draw order
ok 7 - fillholetyp preserves liquid counts, weighting and draw order
  ---
  duration_ms: 6.977345
  type: 'test'
  ...
# Subtest: digactualhole preserves the old visible furniture label in its fall message
ok 8 - digactualhole preserves the old visible furniture label in its fall message
  ---
  duration_ms: 34.887126
  type: 'test'
  ...
# Subtest: dig_up_grave keeps the C selector values for zombie and mummy creation
ok 9 - dig_up_grave keeps the C selector values for zombie and mummy creation
  ---
  duration_ms: 1.029507
  type: 'test'
  ...
# Subtest: dighole returns the drawbridge refusal after source-ordered spot checks
ok 10 - dighole returns the drawbridge refusal after source-ordered spot checks
  ---
  duration_ms: 11.551575
  type: 'test'
  ...
# Subtest: adj_pit_checks reports hard foundations and supporting structures
ok 11 - adj_pit_checks reports hard foundations and supporting structures
  ---
  duration_ms: 12.122978
  type: 'test'
  ...
# Subtest: rot_corpse deletes a floor corpse and redraws its square
ok 12 - rot_corpse deletes a floor corpse and redraws its square
  ---
  duration_ms: 3.906825
  type: 'test'
  ...
# Subtest: rot_corpse exposes a hider only once nothing is left to hide under
ok 13 - rot_corpse exposes a hider only once nothing is left to hide under
  ---
  duration_ms: 15.3842
  type: 'test'
  ...
# Subtest: unportedRotCorpseReason names the arm each corpse is waiting on
ok 14 - unportedRotCorpseReason names the arm each corpse is waiting on
  ---
  duration_ms: 2.757318
  type: 'test'
  ...
# Subtest: unportedRotCorpseReason demands the newsym seam it will draw through
ok 15 - unportedRotCorpseReason demands the newsym seam it will draw through
  ---
  duration_ms: 6.541842
  type: 'test'
  ...
# Subtest: the corpse rot matrix rests long enough for a corpse to come due
ok 16 - the corpse rot matrix rests long enough for a corpse to come due
  ---
  duration_ms: 0.789805
  type: 'test'
  ...
# Subtest: the crashing-rock line of a dug wall prints under the default options
ok 17 - the crashing-rock line of a dug wall prints under the default options
  ---
  duration_ms: 397.585306
  type: 'test'
  ...
# Subtest: the crashing-rock line of a dug wall stays silent under !acoustics
ok 18 - the crashing-rock line of a dug wall stays silent under !acoustics
  ---
  duration_ms: 141.563044
  type: 'test'
  ...
# Subtest: mdig_tunnel supplies object hooks for a boulder on stone
ok 19 - mdig_tunnel supplies object hooks for a boulder on stone
  ---
  duration_ms: 103.998193
  type: 'test'
  ...
# Subtest: digcheck_result values match the C enum and failure alias
ok 20 - digcheck_result values match the C enum and failure alias
  ---
  duration_ms: 0.555503
  type: 'test'
  ...
# Subtest: dig_check follows C's ordered terrain, trap, and actor tests
ok 21 - dig_check follows C's ordered terrain, trap, and actor tests
  ---
  duration_ms: 3.03022
  type: 'test'
  ...
# Subtest: dig preserves the C fumbling gate and outcome-selection draw
ok 22 - dig preserves the C fumbling gate and outcome-selection draw
  ---
  duration_ms: 24.950766
  type: 'test'
  ...
# Subtest: dig uses the second fumbling draw to select the C swing-miss arm
ok 23 - dig uses the second fumbling draw to select the C swing-miss arm
  ---
  duration_ms: 9.715464
  type: 'test'
  ...
# Subtest: lateral digging breaks a secret door and finishes the occupation
ok 24 - lateral digging breaks a secret door and finishes the occupation
  ---
  duration_ms: 3.09332
  type: 'test'
  ...
# Subtest: dig triggers a set trap with the C FORCETRAP flag
ok 25 - dig triggers a set trap with the C FORCETRAP flag
  ---
  duration_ms: 9.495563
  type: 'test'
  ...
# Subtest: digging into a pit schedules the flattened vision recalculation
ok 26 - digging into a pit schedules the flattened vision recalculation
  ---
  duration_ms: 431.331876
  type: 'test'
  ...
# Subtest: is_digging compares the active occupation with dig
ok 27 - is_digging compares the active occupation with dig
  ---
  duration_ms: 0.229202
  type: 'test'
  ...
# Subtest: drawbridge lookup preserves four directions, negative failure, and in/out coordinates
ok 28 - drawbridge lookup preserves four directions, negative failure, and in/out coordinates
  ---
  duration_ms: 7.589149
  type: 'test'
  ...
# Subtest: generic_lvl_desc follows source level precedence and branch names
ok 29 - generic_lvl_desc follows source level precedence and branch names
  ---
  duration_ms: 0.380903
  type: 'test'
  ...
# Subtest: earthquake ports whole source scans and caps force at thirteen
ok 30 - earthquake ports whole source scans and caps force at thirteen
  ---
  duration_ms: 4.457429
  type: 'test'
  ...
# Subtest: do_pit marks its created trap seen and leaves an ordinary empty square
ok 31 - do_pit marks its created trap seen and leaves an ordinary empty square
  ---
  duration_ms: 257.946669
  type: 'test'
  ...
# Subtest: Maybe_Half_Phys uses source intrinsic/extrinsic state and rounds odd damage up
ok 32 - Maybe_Half_Phys uses source intrinsic/extrinsic state and rounds odd damage up
  ---
  duration_ms: 0.745005
  type: 'test'
  ...
# Subtest: improvised_notes draws one to five notes, then preserves the saved jingle when Unchanging
ok 33 - improvised_notes draws one to five notes, then preserves the saved jingle when Unchanging
  ---
  duration_ms: 0.446703
  type: 'test'
  ...
# Subtest: charm_monsters matches C dead, inclusive range, and resistance-before-taming order
ok 34 - charm_monsters matches C dead, inclusive range, and resistance-before-taming order
  ---
  duration_ms: 67.831839
  type: 'test'
  ...
# Subtest: charm_snakes uses C strict squared range and redraws before visible feedback
ok 35 - charm_snakes uses C strict squared range and redraws before visible feedback
  ---
  duration_ms: 40.812364
  type: 'test'
  ...
# Subtest: calm_nymphs clears source state before visible feedback and preserves range order
ok 36 - calm_nymphs clears source state before visible feedback and preserves range order
  ---
  duration_ms: 67.057738
  type: 'test'
  ...
# Subtest: awaken_scare skips resistance for waiting and mindless monsters
ok 37 - awaken_scare skips resistance for waiting and mindless monsters
  ---
  duration_ms: 71.135474
  type: 'test'
  ...
# Subtest: awaken_monsters uses the live monster chain and strict squared ranges
ok 38 - awaken_monsters uses the live monster chain and strict squared ranges
  ---
  duration_ms: 39.11686
  type: 'test'
  ...
# Subtest: awaken_soldiers wakes every non-guard mercenary and uses strict squared range for others
ok 39 - awaken_soldiers wakes every non-guard mercenary and uses strict squared range for others
  ---
  duration_ms: 74.301495
  type: 'test'
  ...
# Subtest: awaken_soldiers uses deaf-aware no-repeat feedback for unseen mercenaries
ok 40 - awaken_soldiers uses deaf-aware no-repeat feedback for unseen mercenaries
  ---
  duration_ms: 42.750085
  type: 'test'
  ...
# Subtest: put_monsters_to_sleep skips dead and out-of-range monsters and consumes sleep_monst result
ok 41 - put_monsters_to_sleep skips dead and out-of-range monsters and consumes sleep_monst result
  ---
  duration_ms: 138.633724
  type: 'test'
  ...
# Subtest: put_monsters_to_sleep leaves an in-range sleep-resistant monster unchanged
ok 42 - put_monsters_to_sleep leaves an in-range sleep-resistant monster unchanged
  ---
  duration_ms: 84.543364
  type: 'test'
  ...
# Subtest: a leather drum draws its tune before deafness and wisdom exercise
ok 43 - a leather drum draws its tune before deafness and wisdom exercise
  ---
  duration_ms: 124.020027
  type: 'test'
  ...
# Subtest: an already-deaf drummer does not add deafness or draw its duration
ok 44 - an already-deaf drummer does not add deafness or draw its duration
  ---
  duration_ms: 41.312175
  type: 'test'
  ...
# Subtest: a depleted earthquake drum chooses its mundane riff without deafness or exercise
ok 45 - a depleted earthquake drum chooses its mundane riff without deafness or exercise
  ---
  duration_ms: 17.570717
  type: 'test'
  ...
# Subtest: five correct notes plus excess reveal the tune even when acoustics suppresses hints
ok 46 - five correct notes plus excess reveal the tune even when acoustics suppresses hints
  ---
  duration_ms: 76.229608
  type: 'test'
  ...
# Subtest: trapeffect_selector dispatches a heavy monster to a land mine
ok 47 - trapeffect_selector dispatches a heavy monster to a land mine
  ---
  duration_ms: 553.665568
  type: 'test'
  ...
# Subtest: a light monster spends the damage roll before the trigger-weight gate
ok 48 - a light monster spends the damage roll before the trigger-weight gate
  ---
  duration_ms: 166.066574
  type: 'test'
  ...
# Subtest: blow_up_landmine converts an ordinary-room trap to a visible pit
ok 49 - blow_up_landmine converts an ordinary-room trap to a visible pit
  ---
  duration_ms: 147.888556
  type: 'test'
  ...
# Subtest: trap hallucination table matches a fresh extraction from trap.c
ok 50 - trap hallucination table matches a fresh extraction from trap.c
  ---
  duration_ms: 3.616523
  type: 'test'
  ...
# Subtest: trapname preserves display/core RNG order and override/resistance gates
ok 51 - trapname preserves display/core RNG order and override/resistance gates
  ---
  duration_ms: 427.549467
  type: 'test'
  ...
# Subtest: bhito uses the source singular wrapper for a turned corpse
ok 52 - bhito uses the source singular wrapper for a turned corpse
  ---
  duration_ms: 13.59109
  type: 'test'
  ...
# Subtest: probing reads the surface beneath a raised drawbridge
ok 53 - probing reads the surface beneath a raised drawbridge
  ---
  duration_ms: 1.270709
  type: 'test'
  ...
# Subtest: zap_ok suggests every wand and excludes everything else
ok 54 - zap_ok suggests every wand and excludes everything else
  ---
  duration_ms: 0.259702
  type: 'test'
  ...
# Subtest: immediate polymorph protects source-unpolyable objects before RNG
ok 55 - immediate polymorph protects source-unpolyable objects before RNG
  ---
  duration_ms: 0.234802
  type: 'test'
  ...
# Subtest: obj_shudders halves the source odds only after the quantity check
ok 56 - obj_shudders halves the source odds only after the quantity check
  ---
  duration_ms: 21.05524
  type: 'test'
  ...
# Subtest: cancel_item turns a floor sickness potion into fruit juice
ok 57 - cancel_item turns a floor sickness potion into fruit juice
  ---
  duration_ms: 481.288508
  type: 'test'
  ...
# Subtest: self-cancellation runs cancel_item across the hero inventory chain
ok 58 - self-cancellation runs cancel_item across the hero inventory chain
  ---
  duration_ms: 100.979273
  type: 'test'
  ...
# Subtest: zappable refuses a spent wand without drawing
ok 59 - zappable refuses a spent wand without drawing
  ---
  duration_ms: 151.567411
  type: 'test'
  ...
# Subtest: zappable draws once for a worn-out wand and usually loses
ok 60 - zappable draws once for a worn-out wand and usually loses
  ---
  duration_ms: 152.841919
  type: 'test'
  ...
# Subtest: zappable wrests a last charge when the draw lands on zero
ok 61 - zappable wrests a last charge when the draw lands on zero
  ---
  duration_ms: 129.259677
  type: 'test'
  ...
# Subtest: zappable spends a charge from a wand that has one
ok 62 - zappable spends a charge from a wand that has one
  ---
  duration_ms: 56.944591
  type: 'test'
  ...
# Subtest: check_unpaid bills only for unpaid merchandise used in a shop
ok 63 - check_unpaid bills only for unpaid merchandise used in a shop
  ---
  duration_ms: 19.663435
  type: 'test'
  ...
# Subtest: Tobjnam prepends The and agrees the verb with the object
ok 64 - Tobjnam prepends The and agrees the verb with the object
  ---
  duration_ms: 49.47234
  type: 'test'
  ...
# Subtest: the zap command is admitted and shares its extcmdlist row with dozap
ok 65 - the zap command is admitted and shares its extcmdlist row with dozap
  ---
  duration_ms: 0.397703
  type: 'test'
  ...
# Subtest: an overloaded hero is refused before the object prompt opens
ok 66 - an overloaded hero is refused before the object prompt opens
  ---
  duration_ms: 133.587217
  type: 'test'
  ...
# Subtest: the zap command asks for an object and then for a direction
ok 67 - the zap command asks for an object and then for a direction
  ---
  duration_ms: 147.583113
  type: 'test'
  ...
# Subtest: dozap() keeps its foreign naming state after an escaped direction
ok 68 - dozap() keeps its foreign naming state after an escaped direction
  ---
  duration_ms: 64.15124
  type: 'test'
  ...
# Subtest: only a zap that chose a wand spends the turn
ok 69 - only a zap that chose a wand spends the turn
  ---
  duration_ms: 176.752413
  type: 'test'
  ...
# Subtest: an aimed zap reaches the ray and stops in zhitu
ok 70 - an aimed zap reaches the ray and stops in zhitu
  ---
  duration_ms: 120.062024
  type: 'test'
  ...
# Subtest: a NODIR wand reaches its effect without a direction prompt
ok 71 - a NODIR wand reaches its effect without a direction prompt
  ---
  duration_ms: 41.811686
  type: 'test'
  ...
# Subtest: polymorphed enlightenment records its void insight gap and continues
ok 72 - polymorphed enlightenment records its void insight gap and continues
  ---
  duration_ms: 53.778669
  type: 'test'
  ...
# Subtest: zap.c zapnodir uses create_critters return and source count draws
ok 73 - zap.c zapnodir uses create_critters return and source count draws
  ---
  duration_ms: 41.113182
  type: 'test'
  ...
# Subtest: a secret-door-detection wand reports an empty findit result
ok 74 - a secret-door-detection wand reports an empty findit result
  ---
  duration_ms: 33.341433
  type: 'test'
  ...
# Subtest: secret-door discovery clears the transient current wand
ok 75 - secret-door discovery clears the transient current wand
  ---
  duration_ms: 83.789791
  type: 'test'
  ...
# Subtest: empty secret-door detection discovers a seen unknown wand
ok 76 - empty secret-door detection discovers a seen unknown wand
  ---
  duration_ms: 60.022924
  type: 'test'
  ...
# Subtest: a wand with no charge left says so and crumbles
ok 77 - a wand with no charge left says so and crumbles
  ---
  duration_ms: 77.470147
  type: 'test'
  ...
# Subtest: a worn-out wand that loses its draw is kept, not crumbled
ok 78 - a worn-out wand that loses its draw is kept, not crumbled
  ---
  duration_ms: 52.346107
  type: 'test'
  ...
# Subtest: a blind hero is told nothing when the direction prompt is cancelled
ok 79 - a blind hero is told nothing when the direction prompt is cancelled
  ---
  duration_ms: 145.365895
  type: 'test'
  ...
# Subtest: a cursed wand spends the backfire draw before the direction prompt
ok 80 - a cursed wand spends the backfire draw before the direction prompt
  ---
  duration_ms: 93.894828
  type: 'test'
  ...
# Subtest: a self-zap of sleep puts the hero under for rnd(50) turns
ok 81 - a self-zap of sleep puts the hero under for rnd(50) turns
  ---
  duration_ms: 45.42593
  type: 'test'
  ...
# Subtest: a self-zap discovers an unfamiliar wand and credits the hero
ok 82 - a self-zap discovers an unfamiliar wand and credits the hero
  ---
  duration_ms: 32.710962
  type: 'test'
  ...
# Subtest: a blind hero learns nothing from a wand they cannot see
ok 83 - a blind hero learns nothing from a wand they cannot see
  ---
  duration_ms: 96.017406
  type: 'test'
  ...
# Subtest: a hero who resists sleep keeps the source shield branch without a roll
ok 84 - a hero who resists sleep keeps the source shield branch without a roll
  ---
  duration_ms: 220.426917
  type: 'test'
  ...
# Subtest: a self-zap of an unimplemented type records C impossible and returns
ok 85 - a self-zap of an unimplemented type records C impossible and returns
  ---
  duration_ms: 65.895618
  type: 'test'
  ...
# Subtest: zapping unpaid merchandise inside a shop stops at the usage fee
ok 86 - zapping unpaid merchandise inside a shop stops at the usage fee
  ---
  duration_ms: 121.148068
  type: 'test'
  ...
# Subtest: a zap under perm_invent stops at the inventory window
ok 87 - a zap under perm_invent stops at the inventory window
  ---
  duration_ms: 36.326131
  type: 'test'
  ...
# Subtest: the death ray survive path restores the hero after declining death
ok 88 - the death ray survive path restores the hero after declining death
  ---
  duration_ms: 115.699324
  type: 'test'
  ...
# Subtest: the death ray accept-death path reaches really_done()
ok 89 - the death ray accept-death path reaches really_done()
  ---
  duration_ms: 97.712707
  type: 'test'
  ...
# Subtest: the death ray recipe covers both paths
ok 90 - the death ray recipe covers both paths
  ---
  duration_ms: 0.250898
  type: 'test'
  ...
# Subtest: the zap matrix covers both prompts, both dispatch routes and no wand
ok 91 - the zap matrix covers both prompts, both dispatch routes and no wand
  ---
  duration_ms: 0.465496
  type: 'test'
  ...
# Subtest: the charge matrix reaches every arm of zappable and the dust tail
ok 92 - the charge matrix reaches every arm of zappable and the dust tail
  ---
  duration_ms: 0.585794
  type: 'test'
  ...
# Subtest: the discovery matrix zaps a wand whose type is not yet known
ok 93 - the discovery matrix zaps a wand whose type is not yet known
  ---
  duration_ms: 0.311197
  type: 'test'
  ...
# Subtest: every remaining zap refusal names an unported zap.c function
ok 94 - every remaining zap refusal names an unported zap.c function
  ---
  duration_ms: 9.669802
  type: 'test'
  ...
1..94
# tests 94
# suites 0
# pass 94
# fail 0
# cancelled 0
# skipped 0
# todo 0
# duration_ms 6110.728127
