{
  "passed": false,
  "error": null,
  "lengths": {
    "rng": {
      "c": 2598,
      "js": 2598
    },
    "screens": {
      "c": 234,
      "js": 234
    },
    "cursors": {
      "c": 234,
      "js": 234
    },
    "animFrames": {
      "c": 0,
      "js": 0
    }
  },
  "rngMismatch": null,
  "screenMismatch": {
    "index": 194,
    "location": {
      "segmentIndex": 0,
      "stepIndex": 194,
      "key": " "
    },
    "kind": "ch",
    "row": 0,
    "column": 43,
    "cCell": {
      "ch": "T",
      "color": 8,
      "attr": 0,
      "decgfx": 0
    },
    "jsCell": {
      "ch": " ",
      "color": 8,
      "attr": 0,
      "decgfx": 0
    }
  },
  "cursorMismatch": null,
  "segmentMismatch": null
}
